amazon-ebs.ubuntu: output will be in this color.

==> amazon-ebs.ubuntu: Prevalidating any provided VPC information
==> amazon-ebs.ubuntu: Prevalidating AMI Name: app-20250612055630
    amazon-ebs.ubuntu: Found Image ID: ami-0d1b5a8c13042c939
==> amazon-ebs.ubuntu: Setting public IP address to true on instance without a subnet ID
==> amazon-ebs.ubuntu: No VPC ID provided, Packer will use the default VPC
==> amazon-ebs.ubuntu: Inferring subnet from the selected VPC "vpc-06a19a402fc9c315c"
==> amazon-ebs.ubuntu: Set subnet as "subnet-00113854a234b8f05"
==> amazon-ebs.ubuntu: Creating temporary keypair: packer_684a6c0e-d744-f98f-60c0-0573ec5652cf
==> amazon-ebs.ubuntu: Creating temporary security group for this instance: packer_684a6c12-ddbb-2999-6566-a9ff2e5e4004
==> amazon-ebs.ubuntu: Authorizing access to port 22 from [0.0.0.0/0] in the temporary security groups...
==> amazon-ebs.ubuntu: Launching a source AWS instance...
==> amazon-ebs.ubuntu: changing public IP address config to true for instance on subnet "subnet-00113854a234b8f05"
    amazon-ebs.ubuntu: Instance ID: i-0939ea6de9caf3249
==> amazon-ebs.ubuntu: Waiting for instance (i-0939ea6de9caf3249) to become ready...
==> amazon-ebs.ubuntu: Using SSH communicator to connect: 52.14.79.42
==> amazon-ebs.ubuntu: Waiting for SSH to become available...
==> amazon-ebs.ubuntu: Connected to SSH!
==> amazon-ebs.ubuntu: Uploading ./app => /home/ubuntu/app
==> amazon-ebs.ubuntu: Uploading ./scripts => /home/ubuntu/scripts
==> amazon-ebs.ubuntu: Provisioning with shell script: ./scripts/provision.sh
    amazon-ebs.ubuntu: Hit:1 http://us-east-2.ec2.archive.ubuntu.com/ubuntu noble InRelease
    amazon-ebs.ubuntu: Get:2 http://us-east-2.ec2.archive.ubuntu.com/ubuntu noble-updates InRelease [126 kB]
    amazon-ebs.ubuntu: Get:3 http://us-east-2.ec2.archive.ubuntu.com/ubuntu noble-backports InRelease [126 kB]
    amazon-ebs.ubuntu: Get:4 http://security.ubuntu.com/ubuntu noble-security InRelease [126 kB]
    amazon-ebs.ubuntu: Get:5 http://us-east-2.ec2.archive.ubuntu.com/ubuntu noble/universe amd64 Packages [15.0 MB]
    amazon-ebs.ubuntu: Get:6 http://us-east-2.ec2.archive.ubuntu.com/ubuntu noble/universe Translation-en [5982 kB]
    amazon-ebs.ubuntu: Get:7 http://security.ubuntu.com/ubuntu noble-security/main amd64 Packages [868 kB]
    amazon-ebs.ubuntu: Get:8 http://us-east-2.ec2.archive.ubuntu.com/ubuntu noble/universe amd64 Components [3871 kB]
    amazon-ebs.ubuntu: Get:9 http://us-east-2.ec2.archive.ubuntu.com/ubuntu noble/universe amd64 c-n-f Metadata [301 kB]
    amazon-ebs.ubuntu: Get:10 http://us-east-2.ec2.archive.ubuntu.com/ubuntu noble/multiverse amd64 Packages [269 kB]
    amazon-ebs.ubuntu: Get:11 http://us-east-2.ec2.archive.ubuntu.com/ubuntu noble/multiverse Translation-en [118 kB]
    amazon-ebs.ubuntu: Get:12 http://us-east-2.ec2.archive.ubuntu.com/ubuntu noble/multiverse amd64 Components [35.0 kB]
    amazon-ebs.ubuntu: Get:13 http://us-east-2.ec2.archive.ubuntu.com/ubuntu noble/multiverse amd64 c-n-f Metadata [8328 B]
    amazon-ebs.ubuntu: Get:14 http://us-east-2.ec2.archive.ubuntu.com/ubuntu noble-updates/main amd64 Packages [1118 kB]
    amazon-ebs.ubuntu: Get:15 http://us-east-2.ec2.archive.ubuntu.com/ubuntu noble-updates/main amd64 Components [162 kB]
    amazon-ebs.ubuntu: Get:16 http://us-east-2.ec2.archive.ubuntu.com/ubuntu noble-updates/universe amd64 Packages [1078 kB]
    amazon-ebs.ubuntu: Get:17 http://us-east-2.ec2.archive.ubuntu.com/ubuntu noble-updates/universe Translation-en [274 kB]
    amazon-ebs.ubuntu: Get:18 http://us-east-2.ec2.archive.ubuntu.com/ubuntu noble-updates/universe amd64 Components [376 kB]
    amazon-ebs.ubuntu: Get:19 http://us-east-2.ec2.archive.ubuntu.com/ubuntu noble-updates/universe amd64 c-n-f Metadata [26.0 kB]
    amazon-ebs.ubuntu: Get:20 http://us-east-2.ec2.archive.ubuntu.com/ubuntu noble-updates/restricted amd64 Components [212 B]
    amazon-ebs.ubuntu: Get:21 http://us-east-2.ec2.archive.ubuntu.com/ubuntu noble-updates/multiverse amd64 Packages [21.7 kB]
    amazon-ebs.ubuntu: Get:22 http://us-east-2.ec2.archive.ubuntu.com/ubuntu noble-updates/multiverse Translation-en [4788 B]
    amazon-ebs.ubuntu: Get:23 http://us-east-2.ec2.archive.ubuntu.com/ubuntu noble-updates/multiverse amd64 Components [940 B]
    amazon-ebs.ubuntu: Get:24 http://us-east-2.ec2.archive.ubuntu.com/ubuntu noble-updates/multiverse amd64 c-n-f Metadata [592 B]
    amazon-ebs.ubuntu: Get:25 http://us-east-2.ec2.archive.ubuntu.com/ubuntu noble-backports/main amd64 Packages [39.2 kB]
    amazon-ebs.ubuntu: Get:26 http://us-east-2.ec2.archive.ubuntu.com/ubuntu noble-backports/main Translation-en [8676 B]
    amazon-ebs.ubuntu: Get:27 http://us-east-2.ec2.archive.ubuntu.com/ubuntu noble-backports/main amd64 Components [7092 B]
    amazon-ebs.ubuntu: Get:28 http://us-east-2.ec2.archive.ubuntu.com/ubuntu noble-backports/main amd64 c-n-f Metadata [272 B]
    amazon-ebs.ubuntu: Get:29 http://us-east-2.ec2.archive.ubuntu.com/ubuntu noble-backports/universe amd64 Packages [27.1 kB]
    amazon-ebs.ubuntu: Get:30 http://us-east-2.ec2.archive.ubuntu.com/ubuntu noble-backports/universe Translation-en [16.5 kB]
    amazon-ebs.ubuntu: Get:31 http://us-east-2.ec2.archive.ubuntu.com/ubuntu noble-backports/universe amd64 Components [16.4 kB]
    amazon-ebs.ubuntu: Get:32 http://us-east-2.ec2.archive.ubuntu.com/ubuntu noble-backports/universe amd64 c-n-f Metadata [1304 B]
    amazon-ebs.ubuntu: Get:33 http://us-east-2.ec2.archive.ubuntu.com/ubuntu noble-backports/restricted amd64 Components [216 B]
    amazon-ebs.ubuntu: Get:34 http://us-east-2.ec2.archive.ubuntu.com/ubuntu noble-backports/restricted amd64 c-n-f Metadata [116 B]
    amazon-ebs.ubuntu: Get:35 http://us-east-2.ec2.archive.ubuntu.com/ubuntu noble-backports/multiverse amd64 Components [212 B]
    amazon-ebs.ubuntu: Get:36 http://us-east-2.ec2.archive.ubuntu.com/ubuntu noble-backports/multiverse amd64 c-n-f Metadata [116 B]
    amazon-ebs.ubuntu: Get:37 http://security.ubuntu.com/ubuntu noble-security/main amd64 Components [21.5 kB]
    amazon-ebs.ubuntu: Get:38 http://security.ubuntu.com/ubuntu noble-security/universe amd64 Packages [849 kB]
    amazon-ebs.ubuntu: Get:39 http://security.ubuntu.com/ubuntu noble-security/universe Translation-en [187 kB]
    amazon-ebs.ubuntu: Get:40 http://security.ubuntu.com/ubuntu noble-security/universe amd64 Components [52.2 kB]
    amazon-ebs.ubuntu: Get:41 http://security.ubuntu.com/ubuntu noble-security/universe amd64 c-n-f Metadata [17.0 kB]
    amazon-ebs.ubuntu: Get:42 http://security.ubuntu.com/ubuntu noble-security/restricted amd64 Components [212 B]
    amazon-ebs.ubuntu: Get:43 http://security.ubuntu.com/ubuntu noble-security/multiverse amd64 Packages [17.7 kB]
    amazon-ebs.ubuntu: Get:44 http://security.ubuntu.com/ubuntu noble-security/multiverse Translation-en [3792 B]
    amazon-ebs.ubuntu: Get:45 http://security.ubuntu.com/ubuntu noble-security/multiverse amd64 Components [212 B]
    amazon-ebs.ubuntu: Get:46 http://security.ubuntu.com/ubuntu noble-security/multiverse amd64 c-n-f Metadata [380 B]
    amazon-ebs.ubuntu: Fetched 31.2 MB in 11s (2854 kB/s)
    amazon-ebs.ubuntu: Reading package lists...
    amazon-ebs.ubuntu: Reading package lists...
    amazon-ebs.ubuntu: Building dependency tree...
    amazon-ebs.ubuntu: Reading state information...
    amazon-ebs.ubuntu: curl is already the newest version (8.5.0-2ubuntu10.6).
    amazon-ebs.ubuntu: curl set to manually installed.
    amazon-ebs.ubuntu: Suggested packages:
    amazon-ebs.ubuntu:   fcgiwrap nginx-doc ssl-cert
    amazon-ebs.ubuntu: The following NEW packages will be installed:
    amazon-ebs.ubuntu:   nginx nginx-common
    amazon-ebs.ubuntu: 0 upgraded, 2 newly installed, 0 to remove and 0 not upgraded.
    amazon-ebs.ubuntu: Need to get 551 kB of archives.
    amazon-ebs.ubuntu: After this operation, 1596 kB of additional disk space will be used.
    amazon-ebs.ubuntu: Get:1 http://us-east-2.ec2.archive.ubuntu.com/ubuntu noble-updates/main amd64 nginx-common all 1.24.0-2ubuntu7.3 [31.2 kB]      
    amazon-ebs.ubuntu: Get:2 http://us-east-2.ec2.archive.ubuntu.com/ubuntu noble-updates/main amd64 nginx amd64 1.24.0-2ubuntu7.3 [520 kB]
==> amazon-ebs.ubuntu: debconf: unable to initialize frontend: Dialog
==> amazon-ebs.ubuntu: debconf: (Dialog frontend will not work on a dumb terminal, an emacs shell buffer, or without a controlling terminal.)
==> amazon-ebs.ubuntu: debconf: falling back to frontend: Readline
==> amazon-ebs.ubuntu: debconf: unable to initialize frontend: Readline
==> amazon-ebs.ubuntu: debconf: (This frontend requires a controlling tty.)
==> amazon-ebs.ubuntu: debconf: falling back to frontend: Teletype
==> amazon-ebs.ubuntu: dpkg-preconfigure: unable to re-open stdin:
    amazon-ebs.ubuntu: Fetched 551 kB in 0s (22.7 MB/s)
    amazon-ebs.ubuntu: Selecting previously unselected package nginx-common.
    amazon-ebs.ubuntu: (Reading database ... 70681 files and directories currently installed.)
    amazon-ebs.ubuntu: Preparing to unpack .../nginx-common_1.24.0-2ubuntu7.3_all.deb ...
    amazon-ebs.ubuntu: Unpacking nginx-common (1.24.0-2ubuntu7.3) ...
    amazon-ebs.ubuntu: Selecting previously unselected package nginx.
    amazon-ebs.ubuntu: Preparing to unpack .../nginx_1.24.0-2ubuntu7.3_amd64.deb ...
    amazon-ebs.ubuntu: Unpacking nginx (1.24.0-2ubuntu7.3) ...
    amazon-ebs.ubuntu: Setting up nginx (1.24.0-2ubuntu7.3) ...
    amazon-ebs.ubuntu: Setting up nginx-common (1.24.0-2ubuntu7.3) ...
    amazon-ebs.ubuntu: debconf: unable to initialize frontend: Dialog
    amazon-ebs.ubuntu: debconf: (Dialog frontend will not work on a dumb terminal, an emacs shell buffer, or without a controlling terminal.)
    amazon-ebs.ubuntu: debconf: falling back to frontend: Readline
    amazon-ebs.ubuntu: debconf: unable to initialize frontend: Readline
    amazon-ebs.ubuntu: debconf: (This frontend requires a controlling tty.)
    amazon-ebs.ubuntu: debconf: falling back to frontend: Teletype
    amazon-ebs.ubuntu: Created symlink /etc/systemd/system/multi-user.target.wants/nginx.service → /usr/lib/systemd/system/nginx.service.
    amazon-ebs.ubuntu: Processing triggers for ufw (0.36.2-6) ...
    amazon-ebs.ubuntu: Processing triggers for man-db (2.12.0-4build2) ...
==> amazon-ebs.ubuntu: debconf: unable to initialize frontend: Dialog
==> amazon-ebs.ubuntu: debconf: (Dialog frontend will not work on a dumb terminal, an emacs shell buffer, or without a controlling terminal.)
==> amazon-ebs.ubuntu: debconf: falling back to frontend: Readline
==> amazon-ebs.ubuntu: debconf: unable to initialize frontend: Readline
==> amazon-ebs.ubuntu: debconf: (This frontend requires a controlling tty.)
==> amazon-ebs.ubuntu: debconf: falling back to frontend: Teletype
==> amazon-ebs.ubuntu:
==> amazon-ebs.ubuntu: Running kernel seems to be up-to-date.
==> amazon-ebs.ubuntu:
==> amazon-ebs.ubuntu: No services need to be restarted.
==> amazon-ebs.ubuntu:
==> amazon-ebs.ubuntu: No containers need to be restarted.
==> amazon-ebs.ubuntu:
==> amazon-ebs.ubuntu: No user sessions are running outdated binaries.
==> amazon-ebs.ubuntu:
==> amazon-ebs.ubuntu: No VM guests are running outdated hypervisor (qemu) binaries on this host.
    amazon-ebs.ubuntu: Rules updated
    amazon-ebs.ubuntu: Rules updated (v6)
    amazon-ebs.ubuntu: 2025-06-12 05:57:43 - Installing pre-requisites
    amazon-ebs.ubuntu: Hit:1 http://us-east-2.ec2.archive.ubuntu.com/ubuntu noble InRelease
    amazon-ebs.ubuntu: Hit:2 http://us-east-2.ec2.archive.ubuntu.com/ubuntu noble-updates InRelease
    amazon-ebs.ubuntu: Hit:3 http://us-east-2.ec2.archive.ubuntu.com/ubuntu noble-backports InRelease
    amazon-ebs.ubuntu: Hit:4 http://security.ubuntu.com/ubuntu noble-security InRelease
    amazon-ebs.ubuntu: Reading package lists...
    amazon-ebs.ubuntu: Reading package lists...
    amazon-ebs.ubuntu: Building dependency tree...
    amazon-ebs.ubuntu: Reading state information...
    amazon-ebs.ubuntu: ca-certificates is already the newest version (20240203).
    amazon-ebs.ubuntu: ca-certificates set to manually installed.
    amazon-ebs.ubuntu: curl is already the newest version (8.5.0-2ubuntu10.6).
    amazon-ebs.ubuntu: gnupg is already the newest version (2.4.4-2ubuntu17.2).
    amazon-ebs.ubuntu: gnupg set to manually installed.
    amazon-ebs.ubuntu: The following NEW packages will be installed:
    amazon-ebs.ubuntu:   apt-transport-https
    amazon-ebs.ubuntu: 0 upgraded, 1 newly installed, 0 to remove and 0 not upgraded.
    amazon-ebs.ubuntu: Need to get 3970 B of archives.
    amazon-ebs.ubuntu: After this operation, 36.9 kB of additional disk space will be used.
    amazon-ebs.ubuntu: Get:1 http://us-east-2.ec2.archive.ubuntu.com/ubuntu noble-updates/universe amd64 apt-transport-https all 2.8.3 [3970 B]        
==> amazon-ebs.ubuntu: debconf: unable to initialize frontend: Dialog
==> amazon-ebs.ubuntu: debconf: (Dialog frontend will not work on a dumb terminal, an emacs shell buffer, or without a controlling terminal.)
==> amazon-ebs.ubuntu: debconf: falling back to frontend: Readline
==> amazon-ebs.ubuntu: debconf: unable to initialize frontend: Readline
==> amazon-ebs.ubuntu: debconf: (This frontend requires a controlling tty.)
==> amazon-ebs.ubuntu: debconf: falling back to frontend: Teletype
==> amazon-ebs.ubuntu: dpkg-preconfigure: unable to re-open stdin:
    amazon-ebs.ubuntu: Fetched 3970 B in 0s (280 kB/s)
    amazon-ebs.ubuntu: Selecting previously unselected package apt-transport-https.
    amazon-ebs.ubuntu: (Reading database ... 70729 files and directories currently installed.)
    amazon-ebs.ubuntu: Preparing to unpack .../apt-transport-https_2.8.3_all.deb ...
    amazon-ebs.ubuntu: Unpacking apt-transport-https (2.8.3) ...
    amazon-ebs.ubuntu: Setting up apt-transport-https (2.8.3) ...
==> amazon-ebs.ubuntu: debconf: unable to initialize frontend: Dialog
==> amazon-ebs.ubuntu: debconf: (Dialog frontend will not work on a dumb terminal, an emacs shell buffer, or without a controlling terminal.)
==> amazon-ebs.ubuntu: debconf: falling back to frontend: Readline
==> amazon-ebs.ubuntu: debconf: unable to initialize frontend: Readline
==> amazon-ebs.ubuntu: debconf: (This frontend requires a controlling tty.)
==> amazon-ebs.ubuntu: debconf: falling back to frontend: Teletype
==> amazon-ebs.ubuntu:
==> amazon-ebs.ubuntu: Running kernel seems to be up-to-date.
==> amazon-ebs.ubuntu:
==> amazon-ebs.ubuntu: No services need to be restarted.
==> amazon-ebs.ubuntu:
==> amazon-ebs.ubuntu: No containers need to be restarted.
==> amazon-ebs.ubuntu:
==> amazon-ebs.ubuntu: No user sessions are running outdated binaries.
==> amazon-ebs.ubuntu:
==> amazon-ebs.ubuntu: No VM guests are running outdated hypervisor (qemu) binaries on this host.
    amazon-ebs.ubuntu: Hit:1 http://us-east-2.ec2.archive.ubuntu.com/ubuntu noble InRelease
    amazon-ebs.ubuntu: Hit:2 http://us-east-2.ec2.archive.ubuntu.com/ubuntu noble-updates InRelease
    amazon-ebs.ubuntu: Hit:3 http://us-east-2.ec2.archive.ubuntu.com/ubuntu noble-backports InRelease
    amazon-ebs.ubuntu: Get:4 https://deb.nodesource.com/node_18.x nodistro InRelease [12.1 kB]
    amazon-ebs.ubuntu: Hit:5 http://security.ubuntu.com/ubuntu noble-security InRelease
    amazon-ebs.ubuntu: Get:6 https://deb.nodesource.com/node_18.x nodistro/main amd64 Packages [11.6 kB]
    amazon-ebs.ubuntu: Fetched 23.7 kB in 1s (33.3 kB/s)
    amazon-ebs.ubuntu: Reading package lists...
    amazon-ebs.ubuntu: 2025-06-12 05:57:51 - Repository configured successfully.
    amazon-ebs.ubuntu: 2025-06-12 05:57:51 - To install Node.js, run: apt-get install nodejs -y
    amazon-ebs.ubuntu: 2025-06-12 05:57:51 - You can use N|solid Runtime as a node.js alternative
    amazon-ebs.ubuntu: 2025-06-12 05:57:51 - To install N|solid Runtime, run: apt-get install nsolid -y
    amazon-ebs.ubuntu: 
==> amazon-ebs.ubuntu:
==> amazon-ebs.ubuntu: WARNING: apt does not have a stable CLI interface. Use with caution in scripts.
==> amazon-ebs.ubuntu:
    amazon-ebs.ubuntu: Reading package lists...
    amazon-ebs.ubuntu: Building dependency tree...
    amazon-ebs.ubuntu: Reading state information...
    amazon-ebs.ubuntu: The following additional packages will be installed:
    amazon-ebs.ubuntu:   binutils binutils-common binutils-x86-64-linux-gnu bzip2 cpp cpp-13
    amazon-ebs.ubuntu:   cpp-13-x86-64-linux-gnu cpp-x86-64-linux-gnu dpkg-dev fakeroot
    amazon-ebs.ubuntu:   fontconfig-config fonts-dejavu-core fonts-dejavu-mono g++ g++-13
    amazon-ebs.ubuntu:   g++-13-x86-64-linux-gnu g++-x86-64-linux-gnu gcc gcc-13 gcc-13-base
    amazon-ebs.ubuntu:   gcc-13-x86-64-linux-gnu gcc-x86-64-linux-gnu libalgorithm-diff-perl
    amazon-ebs.ubuntu:   libalgorithm-diff-xs-perl libalgorithm-merge-perl libaom3 libasan8
    amazon-ebs.ubuntu:   libatomic1 libbinutils libc-dev-bin libc-devtools libc6-dev libcc1-0
    amazon-ebs.ubuntu:   libcrypt-dev libctf-nobfd0 libctf0 libde265-0 libdeflate0 libdpkg-perl
    amazon-ebs.ubuntu:   libfakeroot libfile-fcntllock-perl libfontconfig1 libgcc-13-dev libgd3
    amazon-ebs.ubuntu:   libgomp1 libgprofng0 libheif-plugin-aomdec libheif-plugin-aomenc
    amazon-ebs.ubuntu:   libheif-plugin-libde265 libheif1 libhwasan0 libisl23 libitm1 libjbig0
    amazon-ebs.ubuntu:   libjpeg-turbo8 libjpeg8 liblerc4 liblsan0 libmpc3 libquadmath0 libsframe1
    amazon-ebs.ubuntu:   libsharpyuv0 libstdc++-13-dev libtiff6 libtsan2 libubsan1 libwebp7 libxpm4
    amazon-ebs.ubuntu:   linux-libc-dev lto-disabled-list make manpages-dev rpcsvc-proto
    amazon-ebs.ubuntu: Suggested packages:
    amazon-ebs.ubuntu:   binutils-doc gprofng-gui bzip2-doc cpp-doc gcc-13-locales cpp-13-doc
    amazon-ebs.ubuntu:   debian-keyring g++-multilib g++-13-multilib gcc-13-doc gcc-multilib autoconf
    amazon-ebs.ubuntu:   automake libtool flex bison gdb gcc-doc gcc-13-multilib gdb-x86-64-linux-gnu
    amazon-ebs.ubuntu:   glibc-doc bzr libgd-tools libheif-plugin-x265 libheif-plugin-ffmpegdec
    amazon-ebs.ubuntu:   libheif-plugin-jpegdec libheif-plugin-jpegenc libheif-plugin-j2kdec
    amazon-ebs.ubuntu:   libheif-plugin-j2kenc libheif-plugin-rav1e libheif-plugin-svtenc
    amazon-ebs.ubuntu:   libstdc++-13-doc make-doc
    amazon-ebs.ubuntu: The following NEW packages will be installed:
    amazon-ebs.ubuntu:   binutils binutils-common binutils-x86-64-linux-gnu build-essential bzip2 cpp
    amazon-ebs.ubuntu:   cpp-13 cpp-13-x86-64-linux-gnu cpp-x86-64-linux-gnu dpkg-dev fakeroot
    amazon-ebs.ubuntu:   fontconfig-config fonts-dejavu-core fonts-dejavu-mono g++ g++-13
    amazon-ebs.ubuntu:   g++-13-x86-64-linux-gnu g++-x86-64-linux-gnu gcc gcc-13 gcc-13-base
    amazon-ebs.ubuntu:   gcc-13-x86-64-linux-gnu gcc-x86-64-linux-gnu libalgorithm-diff-perl
    amazon-ebs.ubuntu:   libalgorithm-diff-xs-perl libalgorithm-merge-perl libaom3 libasan8
    amazon-ebs.ubuntu:   libatomic1 libbinutils libc-dev-bin libc-devtools libc6-dev libcc1-0
    amazon-ebs.ubuntu:   libcrypt-dev libctf-nobfd0 libctf0 libde265-0 libdeflate0 libdpkg-perl
    amazon-ebs.ubuntu:   libfakeroot libfile-fcntllock-perl libfontconfig1 libgcc-13-dev libgd3
    amazon-ebs.ubuntu:   libgomp1 libgprofng0 libheif-plugin-aomdec libheif-plugin-aomenc
    amazon-ebs.ubuntu:   libheif-plugin-libde265 libheif1 libhwasan0 libisl23 libitm1 libjbig0
    amazon-ebs.ubuntu:   libjpeg-turbo8 libjpeg8 liblerc4 liblsan0 libmpc3 libquadmath0 libsframe1
    amazon-ebs.ubuntu:   libsharpyuv0 libstdc++-13-dev libtiff6 libtsan2 libubsan1 libwebp7 libxpm4
    amazon-ebs.ubuntu:   linux-libc-dev lto-disabled-list make manpages-dev nodejs rpcsvc-proto
    amazon-ebs.ubuntu: 0 upgraded, 75 newly installed, 0 to remove and 0 not upgraded.
    amazon-ebs.ubuntu: Need to get 108 MB of archives.
    amazon-ebs.ubuntu: After this operation, 456 MB of additional disk space will be used.
    amazon-ebs.ubuntu: Get:1 http://us-east-2.ec2.archive.ubuntu.com/ubuntu noble-updates/main amd64 binutils-common amd64 2.42-4ubuntu2.5 [240 kB]    
    amazon-ebs.ubuntu: Get:2 http://us-east-2.ec2.archive.ubuntu.com/ubuntu noble-updates/main amd64 libsframe1 amd64 2.42-4ubuntu2.5 [15.5 kB]        
    amazon-ebs.ubuntu: Get:3 http://us-east-2.ec2.archive.ubuntu.com/ubuntu noble-updates/main amd64 libbinutils amd64 2.42-4ubuntu2.5 [577 kB]        
    amazon-ebs.ubuntu: Get:4 http://us-east-2.ec2.archive.ubuntu.com/ubuntu noble-updates/main amd64 libctf-nobfd0 amd64 2.42-4ubuntu2.5 [97.7 kB]
    amazon-ebs.ubuntu: Get:5 http://us-east-2.ec2.archive.ubuntu.com/ubuntu noble-updates/main amd64 libctf0 amd64 2.42-4ubuntu2.5 [94.5 kB]
    amazon-ebs.ubuntu: Get:6 http://us-east-2.ec2.archive.ubuntu.com/ubuntu noble-updates/main amd64 libgprofng0 amd64 2.42-4ubuntu2.5 [849 kB]
    amazon-ebs.ubuntu: Get:7 http://us-east-2.ec2.archive.ubuntu.com/ubuntu noble-updates/main amd64 binutils-x86-64-linux-gnu amd64 2.42-4ubuntu2.5 [2462 kB]
    amazon-ebs.ubuntu: Get:8 http://us-east-2.ec2.archive.ubuntu.com/ubuntu noble-updates/main amd64 binutils amd64 2.42-4ubuntu2.5 [18.1 kB]
    amazon-ebs.ubuntu: Get:9 http://us-east-2.ec2.archive.ubuntu.com/ubuntu noble-updates/main amd64 libc-dev-bin amd64 2.39-0ubuntu8.4 [20.4 kB]
    amazon-ebs.ubuntu: Get:10 http://us-east-2.ec2.archive.ubuntu.com/ubuntu noble-updates/main amd64 linux-libc-dev amd64 6.8.0-60.63 [1874 kB]       
    amazon-ebs.ubuntu: Get:11 http://us-east-2.ec2.archive.ubuntu.com/ubuntu noble/main amd64 libcrypt-dev amd64 1:4.4.36-4build1 [112 kB]
    amazon-ebs.ubuntu: Get:12 http://us-east-2.ec2.archive.ubuntu.com/ubuntu noble/main amd64 rpcsvc-proto amd64 1.4.2-0ubuntu7 [67.4 kB]
    amazon-ebs.ubuntu: Get:13 http://us-east-2.ec2.archive.ubuntu.com/ubuntu noble-updates/main amd64 libc6-dev amd64 2.39-0ubuntu8.4 [2124 kB]        
    amazon-ebs.ubuntu: Get:14 https://deb.nodesource.com/node_18.x nodistro/main amd64 nodejs amd64 18.20.8-1nodesource1 [29.7 MB]
    amazon-ebs.ubuntu: Get:15 http://us-east-2.ec2.archive.ubuntu.com/ubuntu noble-updates/main amd64 gcc-13-base amd64 13.3.0-6ubuntu2~24.04 [51.5 kB]
    amazon-ebs.ubuntu: Get:16 http://us-east-2.ec2.archive.ubuntu.com/ubuntu noble-updates/main amd64 libisl23 amd64 0.26-3build1.1 [680 kB]
    amazon-ebs.ubuntu: Get:17 http://us-east-2.ec2.archive.ubuntu.com/ubuntu noble-updates/main amd64 libmpc3 amd64 1.3.1-1build1.1 [54.6 kB]
    amazon-ebs.ubuntu: Get:18 http://us-east-2.ec2.archive.ubuntu.com/ubuntu noble-updates/main amd64 cpp-13-x86-64-linux-gnu amd64 13.3.0-6ubuntu2~24.04 [10.7 MB]
    amazon-ebs.ubuntu: Get:19 http://us-east-2.ec2.archive.ubuntu.com/ubuntu noble-updates/main amd64 cpp-13 amd64 13.3.0-6ubuntu2~24.04 [1038 B]
    amazon-ebs.ubuntu: Get:20 http://us-east-2.ec2.archive.ubuntu.com/ubuntu noble/main amd64 cpp-x86-64-linux-gnu amd64 4:13.2.0-7ubuntu1 [5326 B]
    amazon-ebs.ubuntu: Get:21 http://us-east-2.ec2.archive.ubuntu.com/ubuntu noble/main amd64 cpp amd64 4:13.2.0-7ubuntu1 [22.4 kB]
    amazon-ebs.ubuntu: Get:22 http://us-east-2.ec2.archive.ubuntu.com/ubuntu noble-updates/main amd64 libcc1-0 amd64 14.2.0-4ubuntu2~24.04 [48.0 kB]   
    amazon-ebs.ubuntu: Get:23 http://us-east-2.ec2.archive.ubuntu.com/ubuntu noble-updates/main amd64 libgomp1 amd64 14.2.0-4ubuntu2~24.04 [148 kB]
    amazon-ebs.ubuntu: Get:24 http://us-east-2.ec2.archive.ubuntu.com/ubuntu noble-updates/main amd64 libitm1 amd64 14.2.0-4ubuntu2~24.04 [29.7 kB]    
    amazon-ebs.ubuntu: Get:25 http://us-east-2.ec2.archive.ubuntu.com/ubuntu noble-updates/main amd64 libatomic1 amd64 14.2.0-4ubuntu2~24.04 [10.5 kB] 
    amazon-ebs.ubuntu: Get:26 http://us-east-2.ec2.archive.ubuntu.com/ubuntu noble-updates/main amd64 libasan8 amd64 14.2.0-4ubuntu2~24.04 [3031 kB]   
    amazon-ebs.ubuntu: Get:27 http://us-east-2.ec2.archive.ubuntu.com/ubuntu noble-updates/main amd64 liblsan0 amd64 14.2.0-4ubuntu2~24.04 [1322 kB]
    amazon-ebs.ubuntu: Get:28 http://us-east-2.ec2.archive.ubuntu.com/ubuntu noble-updates/main amd64 libtsan2 amd64 14.2.0-4ubuntu2~24.04 [2772 kB]
    amazon-ebs.ubuntu: Get:29 http://us-east-2.ec2.archive.ubuntu.com/ubuntu noble-updates/main amd64 libubsan1 amd64 14.2.0-4ubuntu2~24.04 [1184 kB]
    amazon-ebs.ubuntu: Get:30 http://us-east-2.ec2.archive.ubuntu.com/ubuntu noble-updates/main amd64 libhwasan0 amd64 14.2.0-4ubuntu2~24.04 [1641 kB]
    amazon-ebs.ubuntu: Get:31 http://us-east-2.ec2.archive.ubuntu.com/ubuntu noble-updates/main amd64 libquadmath0 amd64 14.2.0-4ubuntu2~24.04 [153 kB]
    amazon-ebs.ubuntu: Get:32 http://us-east-2.ec2.archive.ubuntu.com/ubuntu noble-updates/main amd64 libgcc-13-dev amd64 13.3.0-6ubuntu2~24.04 [2681 kB]
    amazon-ebs.ubuntu: Get:33 http://us-east-2.ec2.archive.ubuntu.com/ubuntu noble-updates/main amd64 gcc-13-x86-64-linux-gnu amd64 13.3.0-6ubuntu2~24.04 [21.1 MB]
    amazon-ebs.ubuntu: Get:34 http://us-east-2.ec2.archive.ubuntu.com/ubuntu noble-updates/main amd64 gcc-13 amd64 13.3.0-6ubuntu2~24.04 [494 kB]
    amazon-ebs.ubuntu: Get:35 http://us-east-2.ec2.archive.ubuntu.com/ubuntu noble/main amd64 gcc-x86-64-linux-gnu amd64 4:13.2.0-7ubuntu1 [1212 B]
    amazon-ebs.ubuntu: Get:36 http://us-east-2.ec2.archive.ubuntu.com/ubuntu noble/main amd64 gcc amd64 4:13.2.0-7ubuntu1 [5018 B]
    amazon-ebs.ubuntu: Get:37 http://us-east-2.ec2.archive.ubuntu.com/ubuntu noble-updates/main amd64 libstdc++-13-dev amd64 13.3.0-6ubuntu2~24.04 [2420 kB]
    amazon-ebs.ubuntu: Get:38 http://us-east-2.ec2.archive.ubuntu.com/ubuntu noble-updates/main amd64 g++-13-x86-64-linux-gnu amd64 13.3.0-6ubuntu2~24.04 [12.2 MB]
    amazon-ebs.ubuntu: Get:39 http://us-east-2.ec2.archive.ubuntu.com/ubuntu noble-updates/main amd64 g++-13 amd64 13.3.0-6ubuntu2~24.04 [16.1 kB]
    amazon-ebs.ubuntu: Get:40 http://us-east-2.ec2.archive.ubuntu.com/ubuntu noble/main amd64 g++-x86-64-linux-gnu amd64 4:13.2.0-7ubuntu1 [964 B]
    amazon-ebs.ubuntu: Get:41 http://us-east-2.ec2.archive.ubuntu.com/ubuntu noble/main amd64 g++ amd64 4:13.2.0-7ubuntu1 [1100 B]
    amazon-ebs.ubuntu: Get:42 http://us-east-2.ec2.archive.ubuntu.com/ubuntu noble/main amd64 make amd64 4.3-4.1build2 [180 kB]
    amazon-ebs.ubuntu: Get:43 http://us-east-2.ec2.archive.ubuntu.com/ubuntu noble-updates/main amd64 libdpkg-perl all 1.22.6ubuntu6.1 [269 kB]        
    amazon-ebs.ubuntu: Get:44 http://us-east-2.ec2.archive.ubuntu.com/ubuntu noble-updates/main amd64 bzip2 amd64 1.0.8-5.1build0.1 [34.5 kB]
    amazon-ebs.ubuntu: Get:45 http://us-east-2.ec2.archive.ubuntu.com/ubuntu noble/main amd64 lto-disabled-list all 47 [12.4 kB]
    amazon-ebs.ubuntu: Get:46 http://us-east-2.ec2.archive.ubuntu.com/ubuntu noble-updates/main amd64 dpkg-dev all 1.22.6ubuntu6.1 [1074 kB]
    amazon-ebs.ubuntu: Get:47 http://us-east-2.ec2.archive.ubuntu.com/ubuntu noble/main amd64 build-essential amd64 12.10ubuntu1 [4928 B]
    amazon-ebs.ubuntu: Get:48 http://us-east-2.ec2.archive.ubuntu.com/ubuntu noble/main amd64 libfakeroot amd64 1.33-1 [32.4 kB]
    amazon-ebs.ubuntu: Get:49 http://us-east-2.ec2.archive.ubuntu.com/ubuntu noble/main amd64 fakeroot amd64 1.33-1 [67.2 kB]
    amazon-ebs.ubuntu: Get:50 http://us-east-2.ec2.archive.ubuntu.com/ubuntu noble/main amd64 fonts-dejavu-mono all 2.37-8 [502 kB]
    amazon-ebs.ubuntu: Get:51 http://us-east-2.ec2.archive.ubuntu.com/ubuntu noble/main amd64 fonts-dejavu-core all 2.37-8 [835 kB]
    amazon-ebs.ubuntu: Get:52 http://us-east-2.ec2.archive.ubuntu.com/ubuntu noble/main amd64 fontconfig-config amd64 2.15.0-1.1ubuntu2 [37.3 kB]      
    amazon-ebs.ubuntu: Get:53 http://us-east-2.ec2.archive.ubuntu.com/ubuntu noble/main amd64 libalgorithm-diff-perl all 1.201-1 [41.8 kB]
    amazon-ebs.ubuntu: Get:54 http://us-east-2.ec2.archive.ubuntu.com/ubuntu noble/main amd64 libalgorithm-diff-xs-perl amd64 0.04-8build3 [11.2 kB]   
    amazon-ebs.ubuntu: Get:55 http://us-east-2.ec2.archive.ubuntu.com/ubuntu noble/main amd64 libalgorithm-merge-perl all 0.08-5 [11.4 kB]
    amazon-ebs.ubuntu: Get:56 http://us-east-2.ec2.archive.ubuntu.com/ubuntu noble-updates/main amd64 libaom3 amd64 3.8.2-2ubuntu0.1 [1941 kB]
    amazon-ebs.ubuntu: Get:57 http://us-east-2.ec2.archive.ubuntu.com/ubuntu noble/main amd64 libfontconfig1 amd64 2.15.0-1.1ubuntu2 [139 kB]
    amazon-ebs.ubuntu: Get:58 http://us-east-2.ec2.archive.ubuntu.com/ubuntu noble/main amd64 libsharpyuv0 amd64 1.3.2-0.4build3 [15.8 kB]
    amazon-ebs.ubuntu: Get:59 http://us-east-2.ec2.archive.ubuntu.com/ubuntu noble-updates/main amd64 libheif-plugin-aomdec amd64 1.17.6-1ubuntu4.1 [10.4 kB]
    amazon-ebs.ubuntu: Get:60 http://us-east-2.ec2.archive.ubuntu.com/ubuntu noble/main amd64 libde265-0 amd64 1.0.15-1build3 [166 kB]
    amazon-ebs.ubuntu: Get:61 http://us-east-2.ec2.archive.ubuntu.com/ubuntu noble-updates/main amd64 libheif-plugin-libde265 amd64 1.17.6-1ubuntu4.1 [8176 B]
    amazon-ebs.ubuntu: Get:62 http://us-east-2.ec2.archive.ubuntu.com/ubuntu noble-updates/main amd64 libheif1 amd64 1.17.6-1ubuntu4.1 [275 kB]        
    amazon-ebs.ubuntu: Get:63 http://us-east-2.ec2.archive.ubuntu.com/ubuntu noble/main amd64 libjpeg-turbo8 amd64 2.1.5-2ubuntu2 [150 kB]
    amazon-ebs.ubuntu: Get:64 http://us-east-2.ec2.archive.ubuntu.com/ubuntu noble/main amd64 libjpeg8 amd64 8c-2ubuntu11 [2148 B]
    amazon-ebs.ubuntu: Get:65 http://us-east-2.ec2.archive.ubuntu.com/ubuntu noble-updates/main amd64 libdeflate0 amd64 1.19-1build1.1 [43.9 kB]       
    amazon-ebs.ubuntu: Get:66 http://us-east-2.ec2.archive.ubuntu.com/ubuntu noble/main amd64 libjbig0 amd64 2.1-6.1ubuntu2 [29.7 kB]
    amazon-ebs.ubuntu: Get:67 http://us-east-2.ec2.archive.ubuntu.com/ubuntu noble/main amd64 liblerc4 amd64 4.0.0+ds-4ubuntu2 [179 kB]
    amazon-ebs.ubuntu: Get:68 http://us-east-2.ec2.archive.ubuntu.com/ubuntu noble/main amd64 libwebp7 amd64 1.3.2-0.4build3 [230 kB]
    amazon-ebs.ubuntu: Get:69 http://us-east-2.ec2.archive.ubuntu.com/ubuntu noble-updates/main amd64 libtiff6 amd64 4.5.1+git230720-4ubuntu2.2 [199 kB]
    amazon-ebs.ubuntu: Get:70 http://us-east-2.ec2.archive.ubuntu.com/ubuntu noble/main amd64 libxpm4 amd64 1:3.5.17-1build2 [36.5 kB]
    amazon-ebs.ubuntu: Get:71 http://us-east-2.ec2.archive.ubuntu.com/ubuntu noble/main amd64 libgd3 amd64 2.3.3-9ubuntu5 [128 kB]
    amazon-ebs.ubuntu: Get:72 http://us-east-2.ec2.archive.ubuntu.com/ubuntu noble-updates/main amd64 libc-devtools amd64 2.39-0ubuntu8.4 [29.3 kB]    
    amazon-ebs.ubuntu: Get:73 http://us-east-2.ec2.archive.ubuntu.com/ubuntu noble/main amd64 libfile-fcntllock-perl amd64 0.22-4ubuntu5 [30.7 kB]     
    amazon-ebs.ubuntu: Get:74 http://us-east-2.ec2.archive.ubuntu.com/ubuntu noble-updates/main amd64 libheif-plugin-aomenc amd64 1.17.6-1ubuntu4.1 [14.7 kB]
    amazon-ebs.ubuntu: Get:75 http://us-east-2.ec2.archive.ubuntu.com/ubuntu noble/main amd64 manpages-dev all 6.7-2 [2013 kB]
==> amazon-ebs.ubuntu: debconf: unable to initialize frontend: Dialog
==> amazon-ebs.ubuntu: debconf: (Dialog frontend will not work on a dumb terminal, an emacs shell buffer, or without a controlling terminal.)
==> amazon-ebs.ubuntu: debconf: falling back to frontend: Readline
==> amazon-ebs.ubuntu: debconf: unable to initialize frontend: Readline
==> amazon-ebs.ubuntu: debconf: (This frontend requires a controlling tty.)
==> amazon-ebs.ubuntu: debconf: falling back to frontend: Teletype
==> amazon-ebs.ubuntu: dpkg-preconfigure: unable to re-open stdin:
    amazon-ebs.ubuntu: Fetched 108 MB in 2s (65.1 MB/s)
    amazon-ebs.ubuntu: Selecting previously unselected package binutils-common:amd64.
    amazon-ebs.ubuntu: (Reading database ... 70733 files and directories currently installed.)
    amazon-ebs.ubuntu: Preparing to unpack .../00-binutils-common_2.42-4ubuntu2.5_amd64.deb ...
    amazon-ebs.ubuntu: Unpacking binutils-common:amd64 (2.42-4ubuntu2.5) ...
    amazon-ebs.ubuntu: Selecting previously unselected package libsframe1:amd64.
    amazon-ebs.ubuntu: Preparing to unpack .../01-libsframe1_2.42-4ubuntu2.5_amd64.deb ...
    amazon-ebs.ubuntu: Unpacking libsframe1:amd64 (2.42-4ubuntu2.5) ...
    amazon-ebs.ubuntu: Selecting previously unselected package libbinutils:amd64.
    amazon-ebs.ubuntu: Preparing to unpack .../02-libbinutils_2.42-4ubuntu2.5_amd64.deb ...
    amazon-ebs.ubuntu: Unpacking libbinutils:amd64 (2.42-4ubuntu2.5) ...
    amazon-ebs.ubuntu: Selecting previously unselected package libctf-nobfd0:amd64.
    amazon-ebs.ubuntu: Preparing to unpack .../03-libctf-nobfd0_2.42-4ubuntu2.5_amd64.deb ...
    amazon-ebs.ubuntu: Unpacking libctf-nobfd0:amd64 (2.42-4ubuntu2.5) ...
    amazon-ebs.ubuntu: Selecting previously unselected package libctf0:amd64.
    amazon-ebs.ubuntu: Preparing to unpack .../04-libctf0_2.42-4ubuntu2.5_amd64.deb ...
    amazon-ebs.ubuntu: Unpacking libctf0:amd64 (2.42-4ubuntu2.5) ...
    amazon-ebs.ubuntu: Selecting previously unselected package libgprofng0:amd64.
    amazon-ebs.ubuntu: Preparing to unpack .../05-libgprofng0_2.42-4ubuntu2.5_amd64.deb ...
    amazon-ebs.ubuntu: Unpacking libgprofng0:amd64 (2.42-4ubuntu2.5) ...
    amazon-ebs.ubuntu: Selecting previously unselected package binutils-x86-64-linux-gnu.
    amazon-ebs.ubuntu: Preparing to unpack .../06-binutils-x86-64-linux-gnu_2.42-4ubuntu2.5_amd64.deb ...
    amazon-ebs.ubuntu: Unpacking binutils-x86-64-linux-gnu (2.42-4ubuntu2.5) ...
    amazon-ebs.ubuntu: Selecting previously unselected package binutils.
    amazon-ebs.ubuntu: Preparing to unpack .../07-binutils_2.42-4ubuntu2.5_amd64.deb ...
    amazon-ebs.ubuntu: Unpacking binutils (2.42-4ubuntu2.5) ...
    amazon-ebs.ubuntu: Selecting previously unselected package libc-dev-bin.
    amazon-ebs.ubuntu: Preparing to unpack .../08-libc-dev-bin_2.39-0ubuntu8.4_amd64.deb ...
    amazon-ebs.ubuntu: Unpacking libc-dev-bin (2.39-0ubuntu8.4) ...
    amazon-ebs.ubuntu: Selecting previously unselected package linux-libc-dev:amd64.
    amazon-ebs.ubuntu: Preparing to unpack .../09-linux-libc-dev_6.8.0-60.63_amd64.deb ...
    amazon-ebs.ubuntu: Unpacking linux-libc-dev:amd64 (6.8.0-60.63) ...
    amazon-ebs.ubuntu: Selecting previously unselected package libcrypt-dev:amd64.
    amazon-ebs.ubuntu: Preparing to unpack .../10-libcrypt-dev_1%3a4.4.36-4build1_amd64.deb ...
    amazon-ebs.ubuntu: Unpacking libcrypt-dev:amd64 (1:4.4.36-4build1) ...
    amazon-ebs.ubuntu: Selecting previously unselected package rpcsvc-proto.
    amazon-ebs.ubuntu: Preparing to unpack .../11-rpcsvc-proto_1.4.2-0ubuntu7_amd64.deb ...
    amazon-ebs.ubuntu: Unpacking rpcsvc-proto (1.4.2-0ubuntu7) ...
    amazon-ebs.ubuntu: Selecting previously unselected package libc6-dev:amd64.
    amazon-ebs.ubuntu: Preparing to unpack .../12-libc6-dev_2.39-0ubuntu8.4_amd64.deb ...
    amazon-ebs.ubuntu: Unpacking libc6-dev:amd64 (2.39-0ubuntu8.4) ...
    amazon-ebs.ubuntu: Selecting previously unselected package gcc-13-base:amd64.
    amazon-ebs.ubuntu: Preparing to unpack .../13-gcc-13-base_13.3.0-6ubuntu2~24.04_amd64.deb ...
    amazon-ebs.ubuntu: Unpacking gcc-13-base:amd64 (13.3.0-6ubuntu2~24.04) ...
    amazon-ebs.ubuntu: Selecting previously unselected package libisl23:amd64.
    amazon-ebs.ubuntu: Preparing to unpack .../14-libisl23_0.26-3build1.1_amd64.deb ...
    amazon-ebs.ubuntu: Unpacking libisl23:amd64 (0.26-3build1.1) ...
    amazon-ebs.ubuntu: Selecting previously unselected package libmpc3:amd64.
    amazon-ebs.ubuntu: Preparing to unpack .../15-libmpc3_1.3.1-1build1.1_amd64.deb ...
    amazon-ebs.ubuntu: Unpacking libmpc3:amd64 (1.3.1-1build1.1) ...
    amazon-ebs.ubuntu: Selecting previously unselected package cpp-13-x86-64-linux-gnu.
    amazon-ebs.ubuntu: Preparing to unpack .../16-cpp-13-x86-64-linux-gnu_13.3.0-6ubuntu2~24.04_amd64.deb ...
    amazon-ebs.ubuntu: Unpacking cpp-13-x86-64-linux-gnu (13.3.0-6ubuntu2~24.04) ...
    amazon-ebs.ubuntu: Selecting previously unselected package cpp-13.
    amazon-ebs.ubuntu: Preparing to unpack .../17-cpp-13_13.3.0-6ubuntu2~24.04_amd64.deb ...
    amazon-ebs.ubuntu: Unpacking cpp-13 (13.3.0-6ubuntu2~24.04) ...
    amazon-ebs.ubuntu: Selecting previously unselected package cpp-x86-64-linux-gnu.
    amazon-ebs.ubuntu: Preparing to unpack .../18-cpp-x86-64-linux-gnu_4%3a13.2.0-7ubuntu1_amd64.deb ...
    amazon-ebs.ubuntu: Unpacking cpp-x86-64-linux-gnu (4:13.2.0-7ubuntu1) ...
    amazon-ebs.ubuntu: Selecting previously unselected package cpp.
    amazon-ebs.ubuntu: Preparing to unpack .../19-cpp_4%3a13.2.0-7ubuntu1_amd64.deb ...
    amazon-ebs.ubuntu: Unpacking cpp (4:13.2.0-7ubuntu1) ...
    amazon-ebs.ubuntu: Selecting previously unselected package libcc1-0:amd64.
    amazon-ebs.ubuntu: Preparing to unpack .../20-libcc1-0_14.2.0-4ubuntu2~24.04_amd64.deb ...
    amazon-ebs.ubuntu: Unpacking libcc1-0:amd64 (14.2.0-4ubuntu2~24.04) ...
    amazon-ebs.ubuntu: Selecting previously unselected package libgomp1:amd64.
    amazon-ebs.ubuntu: Preparing to unpack .../21-libgomp1_14.2.0-4ubuntu2~24.04_amd64.deb ...
    amazon-ebs.ubuntu: Unpacking libgomp1:amd64 (14.2.0-4ubuntu2~24.04) ...
    amazon-ebs.ubuntu: Selecting previously unselected package libitm1:amd64.
    amazon-ebs.ubuntu: Preparing to unpack .../22-libitm1_14.2.0-4ubuntu2~24.04_amd64.deb ...
    amazon-ebs.ubuntu: Unpacking libitm1:amd64 (14.2.0-4ubuntu2~24.04) ...
    amazon-ebs.ubuntu: Selecting previously unselected package libatomic1:amd64.
    amazon-ebs.ubuntu: Preparing to unpack .../23-libatomic1_14.2.0-4ubuntu2~24.04_amd64.deb ...
    amazon-ebs.ubuntu: Unpacking libatomic1:amd64 (14.2.0-4ubuntu2~24.04) ...
    amazon-ebs.ubuntu: Selecting previously unselected package libasan8:amd64.
    amazon-ebs.ubuntu: Preparing to unpack .../24-libasan8_14.2.0-4ubuntu2~24.04_amd64.deb ...
    amazon-ebs.ubuntu: Unpacking libasan8:amd64 (14.2.0-4ubuntu2~24.04) ...
    amazon-ebs.ubuntu: Selecting previously unselected package liblsan0:amd64.
    amazon-ebs.ubuntu: Preparing to unpack .../25-liblsan0_14.2.0-4ubuntu2~24.04_amd64.deb ...
    amazon-ebs.ubuntu: Unpacking liblsan0:amd64 (14.2.0-4ubuntu2~24.04) ...
    amazon-ebs.ubuntu: Selecting previously unselected package libtsan2:amd64.
    amazon-ebs.ubuntu: Preparing to unpack .../26-libtsan2_14.2.0-4ubuntu2~24.04_amd64.deb ...
    amazon-ebs.ubuntu: Unpacking libtsan2:amd64 (14.2.0-4ubuntu2~24.04) ...
    amazon-ebs.ubuntu: Selecting previously unselected package libubsan1:amd64.
    amazon-ebs.ubuntu: Preparing to unpack .../27-libubsan1_14.2.0-4ubuntu2~24.04_amd64.deb ...
    amazon-ebs.ubuntu: Unpacking libubsan1:amd64 (14.2.0-4ubuntu2~24.04) ...
    amazon-ebs.ubuntu: Selecting previously unselected package libhwasan0:amd64.
    amazon-ebs.ubuntu: Preparing to unpack .../28-libhwasan0_14.2.0-4ubuntu2~24.04_amd64.deb ...
    amazon-ebs.ubuntu: Unpacking libhwasan0:amd64 (14.2.0-4ubuntu2~24.04) ...
    amazon-ebs.ubuntu: Selecting previously unselected package libquadmath0:amd64.
    amazon-ebs.ubuntu: Preparing to unpack .../29-libquadmath0_14.2.0-4ubuntu2~24.04_amd64.deb ...
    amazon-ebs.ubuntu: Unpacking libquadmath0:amd64 (14.2.0-4ubuntu2~24.04) ...
    amazon-ebs.ubuntu: Selecting previously unselected package libgcc-13-dev:amd64.
    amazon-ebs.ubuntu: Preparing to unpack .../30-libgcc-13-dev_13.3.0-6ubuntu2~24.04_amd64.deb ...
    amazon-ebs.ubuntu: Unpacking libgcc-13-dev:amd64 (13.3.0-6ubuntu2~24.04) ...
    amazon-ebs.ubuntu: Selecting previously unselected package gcc-13-x86-64-linux-gnu.
    amazon-ebs.ubuntu: Preparing to unpack .../31-gcc-13-x86-64-linux-gnu_13.3.0-6ubuntu2~24.04_amd64.deb ...
    amazon-ebs.ubuntu: Unpacking gcc-13-x86-64-linux-gnu (13.3.0-6ubuntu2~24.04) ...
    amazon-ebs.ubuntu: Selecting previously unselected package gcc-13.
    amazon-ebs.ubuntu: Preparing to unpack .../32-gcc-13_13.3.0-6ubuntu2~24.04_amd64.deb ...
    amazon-ebs.ubuntu: Unpacking gcc-13 (13.3.0-6ubuntu2~24.04) ...
    amazon-ebs.ubuntu: Selecting previously unselected package gcc-x86-64-linux-gnu.
    amazon-ebs.ubuntu: Preparing to unpack .../33-gcc-x86-64-linux-gnu_4%3a13.2.0-7ubuntu1_amd64.deb ...
    amazon-ebs.ubuntu: Unpacking gcc-x86-64-linux-gnu (4:13.2.0-7ubuntu1) ...
    amazon-ebs.ubuntu: Selecting previously unselected package gcc.
    amazon-ebs.ubuntu: Preparing to unpack .../34-gcc_4%3a13.2.0-7ubuntu1_amd64.deb ...
    amazon-ebs.ubuntu: Unpacking gcc (4:13.2.0-7ubuntu1) ...
    amazon-ebs.ubuntu: Selecting previously unselected package libstdc++-13-dev:amd64.
    amazon-ebs.ubuntu: Preparing to unpack .../35-libstdc++-13-dev_13.3.0-6ubuntu2~24.04_amd64.deb ...
    amazon-ebs.ubuntu: Unpacking libstdc++-13-dev:amd64 (13.3.0-6ubuntu2~24.04) ...
    amazon-ebs.ubuntu: Selecting previously unselected package g++-13-x86-64-linux-gnu.
    amazon-ebs.ubuntu: Preparing to unpack .../36-g++-13-x86-64-linux-gnu_13.3.0-6ubuntu2~24.04_amd64.deb ...
    amazon-ebs.ubuntu: Unpacking g++-13-x86-64-linux-gnu (13.3.0-6ubuntu2~24.04) ...
    amazon-ebs.ubuntu: Selecting previously unselected package g++-13.
    amazon-ebs.ubuntu: Preparing to unpack .../37-g++-13_13.3.0-6ubuntu2~24.04_amd64.deb ...
    amazon-ebs.ubuntu: Unpacking g++-13 (13.3.0-6ubuntu2~24.04) ...
    amazon-ebs.ubuntu: Selecting previously unselected package g++-x86-64-linux-gnu.
    amazon-ebs.ubuntu: Preparing to unpack .../38-g++-x86-64-linux-gnu_4%3a13.2.0-7ubuntu1_amd64.deb ...
    amazon-ebs.ubuntu: Unpacking g++-x86-64-linux-gnu (4:13.2.0-7ubuntu1) ...
    amazon-ebs.ubuntu: Selecting previously unselected package g++.
    amazon-ebs.ubuntu: Preparing to unpack .../39-g++_4%3a13.2.0-7ubuntu1_amd64.deb ...
    amazon-ebs.ubuntu: Unpacking g++ (4:13.2.0-7ubuntu1) ...
    amazon-ebs.ubuntu: Selecting previously unselected package make.
    amazon-ebs.ubuntu: Preparing to unpack .../40-make_4.3-4.1build2_amd64.deb ...
    amazon-ebs.ubuntu: Unpacking make (4.3-4.1build2) ...
    amazon-ebs.ubuntu: Selecting previously unselected package libdpkg-perl.
    amazon-ebs.ubuntu: Preparing to unpack .../41-libdpkg-perl_1.22.6ubuntu6.1_all.deb ...
    amazon-ebs.ubuntu: Unpacking libdpkg-perl (1.22.6ubuntu6.1) ...
    amazon-ebs.ubuntu: Selecting previously unselected package bzip2.
    amazon-ebs.ubuntu: Preparing to unpack .../42-bzip2_1.0.8-5.1build0.1_amd64.deb ...
    amazon-ebs.ubuntu: Unpacking bzip2 (1.0.8-5.1build0.1) ...
    amazon-ebs.ubuntu: Selecting previously unselected package lto-disabled-list.
    amazon-ebs.ubuntu: Preparing to unpack .../43-lto-disabled-list_47_all.deb ...
    amazon-ebs.ubuntu: Unpacking lto-disabled-list (47) ...
    amazon-ebs.ubuntu: Selecting previously unselected package dpkg-dev.
    amazon-ebs.ubuntu: Preparing to unpack .../44-dpkg-dev_1.22.6ubuntu6.1_all.deb ...
    amazon-ebs.ubuntu: Unpacking dpkg-dev (1.22.6ubuntu6.1) ...
    amazon-ebs.ubuntu: Selecting previously unselected package build-essential.
    amazon-ebs.ubuntu: Preparing to unpack .../45-build-essential_12.10ubuntu1_amd64.deb ...
    amazon-ebs.ubuntu: Unpacking build-essential (12.10ubuntu1) ...
    amazon-ebs.ubuntu: Selecting previously unselected package libfakeroot:amd64.
    amazon-ebs.ubuntu: Preparing to unpack .../46-libfakeroot_1.33-1_amd64.deb ...
    amazon-ebs.ubuntu: Unpacking libfakeroot:amd64 (1.33-1) ...
    amazon-ebs.ubuntu: Selecting previously unselected package fakeroot.
    amazon-ebs.ubuntu: Preparing to unpack .../47-fakeroot_1.33-1_amd64.deb ...
    amazon-ebs.ubuntu: Unpacking fakeroot (1.33-1) ...
    amazon-ebs.ubuntu: Selecting previously unselected package fonts-dejavu-mono.
    amazon-ebs.ubuntu: Preparing to unpack .../48-fonts-dejavu-mono_2.37-8_all.deb ...
    amazon-ebs.ubuntu: Unpacking fonts-dejavu-mono (2.37-8) ...
    amazon-ebs.ubuntu: Selecting previously unselected package fonts-dejavu-core.
    amazon-ebs.ubuntu: Preparing to unpack .../49-fonts-dejavu-core_2.37-8_all.deb ...
    amazon-ebs.ubuntu: Unpacking fonts-dejavu-core (2.37-8) ...
    amazon-ebs.ubuntu: Selecting previously unselected package fontconfig-config.
    amazon-ebs.ubuntu: Preparing to unpack .../50-fontconfig-config_2.15.0-1.1ubuntu2_amd64.deb ...
    amazon-ebs.ubuntu: Unpacking fontconfig-config (2.15.0-1.1ubuntu2) ...
    amazon-ebs.ubuntu: Selecting previously unselected package libalgorithm-diff-perl.
    amazon-ebs.ubuntu: Preparing to unpack .../51-libalgorithm-diff-perl_1.201-1_all.deb ...
    amazon-ebs.ubuntu: Unpacking libalgorithm-diff-perl (1.201-1) ...
    amazon-ebs.ubuntu: Selecting previously unselected package libalgorithm-diff-xs-perl:amd64.
    amazon-ebs.ubuntu: Preparing to unpack .../52-libalgorithm-diff-xs-perl_0.04-8build3_amd64.deb ...
    amazon-ebs.ubuntu: Unpacking libalgorithm-diff-xs-perl:amd64 (0.04-8build3) ...
    amazon-ebs.ubuntu: Selecting previously unselected package libalgorithm-merge-perl.
    amazon-ebs.ubuntu: Preparing to unpack .../53-libalgorithm-merge-perl_0.08-5_all.deb ...
    amazon-ebs.ubuntu: Unpacking libalgorithm-merge-perl (0.08-5) ...
    amazon-ebs.ubuntu: Selecting previously unselected package libaom3:amd64.
    amazon-ebs.ubuntu: Preparing to unpack .../54-libaom3_3.8.2-2ubuntu0.1_amd64.deb ...
    amazon-ebs.ubuntu: Unpacking libaom3:amd64 (3.8.2-2ubuntu0.1) ...
    amazon-ebs.ubuntu: Selecting previously unselected package libfontconfig1:amd64.
    amazon-ebs.ubuntu: Preparing to unpack .../55-libfontconfig1_2.15.0-1.1ubuntu2_amd64.deb ...
    amazon-ebs.ubuntu: Unpacking libfontconfig1:amd64 (2.15.0-1.1ubuntu2) ...
    amazon-ebs.ubuntu: Selecting previously unselected package libsharpyuv0:amd64.
    amazon-ebs.ubuntu: Preparing to unpack .../56-libsharpyuv0_1.3.2-0.4build3_amd64.deb ...
    amazon-ebs.ubuntu: Unpacking libsharpyuv0:amd64 (1.3.2-0.4build3) ...
    amazon-ebs.ubuntu: Selecting previously unselected package libheif-plugin-aomdec:amd64.
    amazon-ebs.ubuntu: Preparing to unpack .../57-libheif-plugin-aomdec_1.17.6-1ubuntu4.1_amd64.deb ...
    amazon-ebs.ubuntu: Unpacking libheif-plugin-aomdec:amd64 (1.17.6-1ubuntu4.1) ...
    amazon-ebs.ubuntu: Selecting previously unselected package libde265-0:amd64.
    amazon-ebs.ubuntu: Preparing to unpack .../58-libde265-0_1.0.15-1build3_amd64.deb ...
    amazon-ebs.ubuntu: Unpacking libde265-0:amd64 (1.0.15-1build3) ...
    amazon-ebs.ubuntu: Selecting previously unselected package libheif-plugin-libde265:amd64.
    amazon-ebs.ubuntu: Preparing to unpack .../59-libheif-plugin-libde265_1.17.6-1ubuntu4.1_amd64.deb ...
    amazon-ebs.ubuntu: Unpacking libheif-plugin-libde265:amd64 (1.17.6-1ubuntu4.1) ...
    amazon-ebs.ubuntu: Selecting previously unselected package libheif1:amd64.
    amazon-ebs.ubuntu: Preparing to unpack .../60-libheif1_1.17.6-1ubuntu4.1_amd64.deb ...
    amazon-ebs.ubuntu: Unpacking libheif1:amd64 (1.17.6-1ubuntu4.1) ...
    amazon-ebs.ubuntu: Selecting previously unselected package libjpeg-turbo8:amd64.
    amazon-ebs.ubuntu: Preparing to unpack .../61-libjpeg-turbo8_2.1.5-2ubuntu2_amd64.deb ...
    amazon-ebs.ubuntu: Unpacking libjpeg-turbo8:amd64 (2.1.5-2ubuntu2) ...
    amazon-ebs.ubuntu: Selecting previously unselected package libjpeg8:amd64.
    amazon-ebs.ubuntu: Preparing to unpack .../62-libjpeg8_8c-2ubuntu11_amd64.deb ...
    amazon-ebs.ubuntu: Unpacking libjpeg8:amd64 (8c-2ubuntu11) ...
    amazon-ebs.ubuntu: Selecting previously unselected package libdeflate0:amd64.
    amazon-ebs.ubuntu: Preparing to unpack .../63-libdeflate0_1.19-1build1.1_amd64.deb ...
    amazon-ebs.ubuntu: Unpacking libdeflate0:amd64 (1.19-1build1.1) ...
    amazon-ebs.ubuntu: Selecting previously unselected package libjbig0:amd64.
    amazon-ebs.ubuntu: Preparing to unpack .../64-libjbig0_2.1-6.1ubuntu2_amd64.deb ...
    amazon-ebs.ubuntu: Unpacking libjbig0:amd64 (2.1-6.1ubuntu2) ...
    amazon-ebs.ubuntu: Selecting previously unselected package liblerc4:amd64.
    amazon-ebs.ubuntu: Preparing to unpack .../65-liblerc4_4.0.0+ds-4ubuntu2_amd64.deb ...
    amazon-ebs.ubuntu: Unpacking liblerc4:amd64 (4.0.0+ds-4ubuntu2) ...
    amazon-ebs.ubuntu: Selecting previously unselected package libwebp7:amd64.
    amazon-ebs.ubuntu: Preparing to unpack .../66-libwebp7_1.3.2-0.4build3_amd64.deb ...
    amazon-ebs.ubuntu: Unpacking libwebp7:amd64 (1.3.2-0.4build3) ...
    amazon-ebs.ubuntu: Selecting previously unselected package libtiff6:amd64.
    amazon-ebs.ubuntu: Preparing to unpack .../67-libtiff6_4.5.1+git230720-4ubuntu2.2_amd64.deb ...
    amazon-ebs.ubuntu: Unpacking libtiff6:amd64 (4.5.1+git230720-4ubuntu2.2) ...
    amazon-ebs.ubuntu: Selecting previously unselected package libxpm4:amd64.
    amazon-ebs.ubuntu: Preparing to unpack .../68-libxpm4_1%3a3.5.17-1build2_amd64.deb ...
    amazon-ebs.ubuntu: Unpacking libxpm4:amd64 (1:3.5.17-1build2) ...
    amazon-ebs.ubuntu: Selecting previously unselected package libgd3:amd64.
    amazon-ebs.ubuntu: Preparing to unpack .../69-libgd3_2.3.3-9ubuntu5_amd64.deb ...
    amazon-ebs.ubuntu: Unpacking libgd3:amd64 (2.3.3-9ubuntu5) ...
    amazon-ebs.ubuntu: Selecting previously unselected package libc-devtools.
    amazon-ebs.ubuntu: Preparing to unpack .../70-libc-devtools_2.39-0ubuntu8.4_amd64.deb ...
    amazon-ebs.ubuntu: Unpacking libc-devtools (2.39-0ubuntu8.4) ...
    amazon-ebs.ubuntu: Selecting previously unselected package libfile-fcntllock-perl.
    amazon-ebs.ubuntu: Preparing to unpack .../71-libfile-fcntllock-perl_0.22-4ubuntu5_amd64.deb ...
    amazon-ebs.ubuntu: Unpacking libfile-fcntllock-perl (0.22-4ubuntu5) ...
    amazon-ebs.ubuntu: Selecting previously unselected package libheif-plugin-aomenc:amd64.
    amazon-ebs.ubuntu: Preparing to unpack .../72-libheif-plugin-aomenc_1.17.6-1ubuntu4.1_amd64.deb ...
    amazon-ebs.ubuntu: Unpacking libheif-plugin-aomenc:amd64 (1.17.6-1ubuntu4.1) ...
    amazon-ebs.ubuntu: Selecting previously unselected package manpages-dev.
    amazon-ebs.ubuntu: Preparing to unpack .../73-manpages-dev_6.7-2_all.deb ...
    amazon-ebs.ubuntu: Unpacking manpages-dev (6.7-2) ...
    amazon-ebs.ubuntu: Selecting previously unselected package nodejs.
    amazon-ebs.ubuntu: Preparing to unpack .../74-nodejs_18.20.8-1nodesource1_amd64.deb ...
    amazon-ebs.ubuntu: Unpacking nodejs (18.20.8-1nodesource1) ...
    amazon-ebs.ubuntu: Setting up libsharpyuv0:amd64 (1.3.2-0.4build3) ...
    amazon-ebs.ubuntu: Setting up libaom3:amd64 (3.8.2-2ubuntu0.1) ...
    amazon-ebs.ubuntu: Setting up manpages-dev (6.7-2) ...
    amazon-ebs.ubuntu: Setting up lto-disabled-list (47) ...
    amazon-ebs.ubuntu: Setting up liblerc4:amd64 (4.0.0+ds-4ubuntu2) ...
    amazon-ebs.ubuntu: Setting up libxpm4:amd64 (1:3.5.17-1build2) ...
    amazon-ebs.ubuntu: Setting up libfile-fcntllock-perl (0.22-4ubuntu5) ...
    amazon-ebs.ubuntu: Setting up libalgorithm-diff-perl (1.201-1) ...
    amazon-ebs.ubuntu: Setting up binutils-common:amd64 (2.42-4ubuntu2.5) ...
    amazon-ebs.ubuntu: Setting up libdeflate0:amd64 (1.19-1build1.1) ...
    amazon-ebs.ubuntu: Setting up linux-libc-dev:amd64 (6.8.0-60.63) ...
    amazon-ebs.ubuntu: Setting up libctf-nobfd0:amd64 (2.42-4ubuntu2.5) ...
    amazon-ebs.ubuntu: Setting up libgomp1:amd64 (14.2.0-4ubuntu2~24.04) ...
    amazon-ebs.ubuntu: Setting up bzip2 (1.0.8-5.1build0.1) ...
    amazon-ebs.ubuntu: Setting up nodejs (18.20.8-1nodesource1) ...
    amazon-ebs.ubuntu: Setting up libjbig0:amd64 (2.1-6.1ubuntu2) ...
    amazon-ebs.ubuntu: Setting up libsframe1:amd64 (2.42-4ubuntu2.5) ...
    amazon-ebs.ubuntu: Setting up libfakeroot:amd64 (1.33-1) ...
    amazon-ebs.ubuntu: Setting up fakeroot (1.33-1) ...
    amazon-ebs.ubuntu: update-alternatives: using /usr/bin/fakeroot-sysv to provide /usr/bin/fakeroot (fakeroot) in auto mode
    amazon-ebs.ubuntu: Setting up rpcsvc-proto (1.4.2-0ubuntu7) ...
    amazon-ebs.ubuntu: Setting up gcc-13-base:amd64 (13.3.0-6ubuntu2~24.04) ...
    amazon-ebs.ubuntu: Setting up make (4.3-4.1build2) ...
    amazon-ebs.ubuntu: Setting up libquadmath0:amd64 (14.2.0-4ubuntu2~24.04) ...
    amazon-ebs.ubuntu: Setting up fonts-dejavu-mono (2.37-8) ...
    amazon-ebs.ubuntu: Setting up libmpc3:amd64 (1.3.1-1build1.1) ...
    amazon-ebs.ubuntu: Setting up libatomic1:amd64 (14.2.0-4ubuntu2~24.04) ...
    amazon-ebs.ubuntu: Setting up fonts-dejavu-core (2.37-8) ...
    amazon-ebs.ubuntu: Setting up libjpeg-turbo8:amd64 (2.1.5-2ubuntu2) ...
    amazon-ebs.ubuntu: Setting up libdpkg-perl (1.22.6ubuntu6.1) ...
    amazon-ebs.ubuntu: Setting up libwebp7:amd64 (1.3.2-0.4build3) ...
    amazon-ebs.ubuntu: Setting up libubsan1:amd64 (14.2.0-4ubuntu2~24.04) ...
    amazon-ebs.ubuntu: Setting up libhwasan0:amd64 (14.2.0-4ubuntu2~24.04) ...
    amazon-ebs.ubuntu: Setting up libcrypt-dev:amd64 (1:4.4.36-4build1) ...
    amazon-ebs.ubuntu: Setting up libasan8:amd64 (14.2.0-4ubuntu2~24.04) ...
    amazon-ebs.ubuntu: Setting up libtsan2:amd64 (14.2.0-4ubuntu2~24.04) ...
    amazon-ebs.ubuntu: Setting up libbinutils:amd64 (2.42-4ubuntu2.5) ...
    amazon-ebs.ubuntu: Setting up libisl23:amd64 (0.26-3build1.1) ...
    amazon-ebs.ubuntu: Setting up libde265-0:amd64 (1.0.15-1build3) ...
    amazon-ebs.ubuntu: Setting up libc-dev-bin (2.39-0ubuntu8.4) ...
    amazon-ebs.ubuntu: Setting up libalgorithm-diff-xs-perl:amd64 (0.04-8build3) ...
    amazon-ebs.ubuntu: Setting up libcc1-0:amd64 (14.2.0-4ubuntu2~24.04) ...
    amazon-ebs.ubuntu: Setting up liblsan0:amd64 (14.2.0-4ubuntu2~24.04) ...
    amazon-ebs.ubuntu: Setting up libitm1:amd64 (14.2.0-4ubuntu2~24.04) ...
    amazon-ebs.ubuntu: Setting up libalgorithm-merge-perl (0.08-5) ...
    amazon-ebs.ubuntu: Setting up libctf0:amd64 (2.42-4ubuntu2.5) ...
    amazon-ebs.ubuntu: Setting up libjpeg8:amd64 (8c-2ubuntu11) ...
    amazon-ebs.ubuntu: Setting up cpp-13-x86-64-linux-gnu (13.3.0-6ubuntu2~24.04) ...
    amazon-ebs.ubuntu: Setting up fontconfig-config (2.15.0-1.1ubuntu2) ...
    amazon-ebs.ubuntu: Setting up libgprofng0:amd64 (2.42-4ubuntu2.5) ...
    amazon-ebs.ubuntu: Setting up libgcc-13-dev:amd64 (13.3.0-6ubuntu2~24.04) ...
    amazon-ebs.ubuntu: Setting up libtiff6:amd64 (4.5.1+git230720-4ubuntu2.2) ...
    amazon-ebs.ubuntu: Setting up libc6-dev:amd64 (2.39-0ubuntu8.4) ...
    amazon-ebs.ubuntu: Setting up libstdc++-13-dev:amd64 (13.3.0-6ubuntu2~24.04) ...
    amazon-ebs.ubuntu: Setting up binutils-x86-64-linux-gnu (2.42-4ubuntu2.5) ...
    amazon-ebs.ubuntu: Setting up cpp-x86-64-linux-gnu (4:13.2.0-7ubuntu1) ...
    amazon-ebs.ubuntu: Setting up cpp-13 (13.3.0-6ubuntu2~24.04) ...
    amazon-ebs.ubuntu: Setting up gcc-13-x86-64-linux-gnu (13.3.0-6ubuntu2~24.04) ...
    amazon-ebs.ubuntu: Setting up binutils (2.42-4ubuntu2.5) ...
    amazon-ebs.ubuntu: Setting up dpkg-dev (1.22.6ubuntu6.1) ...
    amazon-ebs.ubuntu: Setting up gcc-13 (13.3.0-6ubuntu2~24.04) ...
    amazon-ebs.ubuntu: Setting up cpp (4:13.2.0-7ubuntu1) ...
    amazon-ebs.ubuntu: Setting up g++-13-x86-64-linux-gnu (13.3.0-6ubuntu2~24.04) ...
    amazon-ebs.ubuntu: Setting up gcc-x86-64-linux-gnu (4:13.2.0-7ubuntu1) ...
    amazon-ebs.ubuntu: Setting up gcc (4:13.2.0-7ubuntu1) ...
    amazon-ebs.ubuntu: Setting up g++-x86-64-linux-gnu (4:13.2.0-7ubuntu1) ...
    amazon-ebs.ubuntu: Setting up g++-13 (13.3.0-6ubuntu2~24.04) ...
    amazon-ebs.ubuntu: Setting up g++ (4:13.2.0-7ubuntu1) ...
    amazon-ebs.ubuntu: update-alternatives: using /usr/bin/g++ to provide /usr/bin/c++ (c++) in auto mode
    amazon-ebs.ubuntu: Setting up build-essential (12.10ubuntu1) ...
    amazon-ebs.ubuntu: Setting up libheif-plugin-aomdec:amd64 (1.17.6-1ubuntu4.1) ...
    amazon-ebs.ubuntu: Setting up libheif1:amd64 (1.17.6-1ubuntu4.1) ...
    amazon-ebs.ubuntu: Setting up libheif-plugin-libde265:amd64 (1.17.6-1ubuntu4.1) ...
    amazon-ebs.ubuntu: Setting up libheif-plugin-aomenc:amd64 (1.17.6-1ubuntu4.1) ...
    amazon-ebs.ubuntu: Processing triggers for libc-bin (2.39-0ubuntu8.4) ...
    amazon-ebs.ubuntu: Processing triggers for man-db (2.12.0-4build2) ...
    amazon-ebs.ubuntu: Processing triggers for sgml-base (1.31) ...
    amazon-ebs.ubuntu: Setting up libfontconfig1:amd64 (2.15.0-1.1ubuntu2) ...
    amazon-ebs.ubuntu: Setting up libgd3:amd64 (2.3.3-9ubuntu5) ...
    amazon-ebs.ubuntu: Setting up libc-devtools (2.39-0ubuntu8.4) ...
    amazon-ebs.ubuntu: Processing triggers for libc-bin (2.39-0ubuntu8.4) ...
==> amazon-ebs.ubuntu: debconf: unable to initialize frontend: Dialog
==> amazon-ebs.ubuntu: debconf: (Dialog frontend will not work on a dumb terminal, an emacs shell buffer, or without a controlling terminal.)
==> amazon-ebs.ubuntu: debconf: falling back to frontend: Readline
==> amazon-ebs.ubuntu: debconf: unable to initialize frontend: Readline
==> amazon-ebs.ubuntu: debconf: (This frontend requires a controlling tty.)
==> amazon-ebs.ubuntu: debconf: falling back to frontend: Teletype
==> amazon-ebs.ubuntu:
==> amazon-ebs.ubuntu: Running kernel seems to be up-to-date.
==> amazon-ebs.ubuntu:
==> amazon-ebs.ubuntu: No services need to be restarted.
==> amazon-ebs.ubuntu:
==> amazon-ebs.ubuntu: No containers need to be restarted.
==> amazon-ebs.ubuntu:
==> amazon-ebs.ubuntu: No user sessions are running outdated binaries.
==> amazon-ebs.ubuntu:
==> amazon-ebs.ubuntu: No VM guests are running outdated hypervisor (qemu) binaries on this host.
    amazon-ebs.ubuntu:
    amazon-ebs.ubuntu: added 135 packages in 10s
    amazon-ebs.ubuntu:
    amazon-ebs.ubuntu: 13 packages are looking for funding
    amazon-ebs.ubuntu:   run `npm fund` for details
==> amazon-ebs.ubuntu: npm notice
==> amazon-ebs.ubuntu: npm notice New major version of npm available! 10.8.2 -> 11.4.1
==> amazon-ebs.ubuntu: npm notice Changelog: https://github.com/npm/cli/releases/tag/v11.4.1
==> amazon-ebs.ubuntu: npm notice To update run: npm install -g npm@11.4.1
==> amazon-ebs.ubuntu: npm notice
    amazon-ebs.ubuntu:
    amazon-ebs.ubuntu:                         -------------
    amazon-ebs.ubuntu:
    amazon-ebs.ubuntu: __/\\\\\\\\\\\\\____/\\\\____________/\\\\____/\\\\\\\\\_____
    amazon-ebs.ubuntu:  _\/\\\/////////\\\_\/\\\\\\________/\\\\\\__/\\\///////\\\___
    amazon-ebs.ubuntu:   _\/\\\_______\/\\\_\/\\\//\\\____/\\\//\\\_\///______\//\\\__
    amazon-ebs.ubuntu:    _\/\\\\\\\\\\\\\/__\/\\\\///\\\/\\\/_\/\\\___________/\\\/___
    amazon-ebs.ubuntu:     _\/\\\/////////____\/\\\__\///\\\/___\/\\\________/\\\//_____
    amazon-ebs.ubuntu:      _\/\\\_____________\/\\\____\///_____\/\\\_____/\\\//________
    amazon-ebs.ubuntu:       _\/\\\_____________\/\\\_____________\/\\\___/\\\/___________
    amazon-ebs.ubuntu:        _\/\\\_____________\/\\\_____________\/\\\__/\\\\\\\\\\\\\\\_
    amazon-ebs.ubuntu:         _\///______________\///______________\///__\///////////////__
    amazon-ebs.ubuntu:
    amazon-ebs.ubuntu:
    amazon-ebs.ubuntu:                           Runtime Edition
    amazon-ebs.ubuntu:
    amazon-ebs.ubuntu:         PM2 is a Production Process Manager for Node.js applications
    amazon-ebs.ubuntu:                      with a built-in Load Balancer.
    amazon-ebs.ubuntu:
    amazon-ebs.ubuntu:                 Start and Daemonize any application:
    amazon-ebs.ubuntu:                 $ pm2 start app.js
    amazon-ebs.ubuntu:
    amazon-ebs.ubuntu:                 Load Balance 4 instances of api.js:
    amazon-ebs.ubuntu:                 $ pm2 start api.js -i 4
    amazon-ebs.ubuntu:
    amazon-ebs.ubuntu:                 Monitor in production:
    amazon-ebs.ubuntu:                 $ pm2 monitor
    amazon-ebs.ubuntu:
    amazon-ebs.ubuntu:                 Make pm2 auto-boot at server restart:
    amazon-ebs.ubuntu:                 $ pm2 startup
    amazon-ebs.ubuntu:
    amazon-ebs.ubuntu:                 To go further checkout:
    amazon-ebs.ubuntu:                 http://pm2.io/
    amazon-ebs.ubuntu:
    amazon-ebs.ubuntu:
    amazon-ebs.ubuntu:                         -------------
    amazon-ebs.ubuntu:
    amazon-ebs.ubuntu: [PM2] Spawning PM2 daemon with pm2_home=/home/ubuntu/.pm2
    amazon-ebs.ubuntu: [PM2] PM2 Successfully daemonized
    amazon-ebs.ubuntu: [PM2] Starting /home/ubuntu/app/hello.js in fork_mode (1 instance)
    amazon-ebs.ubuntu: [PM2] Done.
    amazon-ebs.ubuntu: ┌────┬──────────┬─────────────┬─────────┬─────────┬──────────┬────────┬──────┬───────────┬──────────┬──────────┬──────────┬──────────┐
    amazon-ebs.ubuntu: │ id │ name     │ namespace   │ version │ mode    │ pid      │ uptime │ ↺    │ status    │ cpu      │ mem      │ user     │ watching │
    amazon-ebs.ubuntu: ├────┼──────────┼─────────────┼─────────┼─────────┼──────────┼────────┼──────┼───────────┼──────────┼──────────┼──────────┼──────────┤
    amazon-ebs.ubuntu: │ 0  │ hello    │ default     │ N/A     │ fork    │ 3689     │ 0s     │ 0    │ online    │ 0%       │ 33.8mb   │ ubuntu   │ disabled │
    amazon-ebs.ubuntu: └────┴──────────┴─────────────┴─────────┴─────────┴──────────┴────────┴──────┴───────────┴──────────┴──────────┴──────────┴──────────┘
    amazon-ebs.ubuntu: [PM2] Init System found: systemd
    amazon-ebs.ubuntu: [PM2] To setup the Startup Script, copy/paste the following command:
    amazon-ebs.ubuntu: sudo env PATH=$PATH:/usr/bin /usr/lib/node_modules/pm2/bin/pm2 startup systemd -u ubuntu --hp /home/ubuntu
    amazon-ebs.ubuntu:
    amazon-ebs.ubuntu:                         -------------
    amazon-ebs.ubuntu:
    amazon-ebs.ubuntu: __/\\\\\\\\\\\\\____/\\\\____________/\\\\____/\\\\\\\\\_____
    amazon-ebs.ubuntu:  _\/\\\/////////\\\_\/\\\\\\________/\\\\\\__/\\\///////\\\___
    amazon-ebs.ubuntu:   _\/\\\_______\/\\\_\/\\\//\\\____/\\\//\\\_\///______\//\\\__
    amazon-ebs.ubuntu:    _\/\\\\\\\\\\\\\/__\/\\\\///\\\/\\\/_\/\\\___________/\\\/___
    amazon-ebs.ubuntu:     _\/\\\/////////____\/\\\__\///\\\/___\/\\\________/\\\//_____
    amazon-ebs.ubuntu:      _\/\\\_____________\/\\\____\///_____\/\\\_____/\\\//________
    amazon-ebs.ubuntu:       _\/\\\_____________\/\\\_____________\/\\\___/\\\/___________
    amazon-ebs.ubuntu:        _\/\\\_____________\/\\\_____________\/\\\__/\\\\\\\\\\\\\\\_
    amazon-ebs.ubuntu:         _\///______________\///______________\///__\///////////////__
    amazon-ebs.ubuntu:
    amazon-ebs.ubuntu:
    amazon-ebs.ubuntu:                           Runtime Edition
    amazon-ebs.ubuntu:
    amazon-ebs.ubuntu:         PM2 is a Production Process Manager for Node.js applications
    amazon-ebs.ubuntu:                      with a built-in Load Balancer.
    amazon-ebs.ubuntu:
    amazon-ebs.ubuntu:                 Start and Daemonize any application:
    amazon-ebs.ubuntu:                 $ pm2 start app.js
    amazon-ebs.ubuntu:
    amazon-ebs.ubuntu:                 Load Balance 4 instances of api.js:
    amazon-ebs.ubuntu:                 $ pm2 start api.js -i 4
    amazon-ebs.ubuntu:
    amazon-ebs.ubuntu:                 Monitor in production:
    amazon-ebs.ubuntu:                 $ pm2 monitor
    amazon-ebs.ubuntu:
    amazon-ebs.ubuntu:                 Make pm2 auto-boot at server restart:
    amazon-ebs.ubuntu:                 $ pm2 startup
    amazon-ebs.ubuntu:
    amazon-ebs.ubuntu:                 To go further checkout:
    amazon-ebs.ubuntu:                 http://pm2.io/
    amazon-ebs.ubuntu:
    amazon-ebs.ubuntu:
    amazon-ebs.ubuntu:                         -------------
    amazon-ebs.ubuntu:
    amazon-ebs.ubuntu: [PM2] Init System found: systemd
    amazon-ebs.ubuntu: Platform systemd
    amazon-ebs.ubuntu: Template
    amazon-ebs.ubuntu: [Unit]
    amazon-ebs.ubuntu: Description=PM2 process manager
    amazon-ebs.ubuntu: Documentation=https://pm2.keymetrics.io/
    amazon-ebs.ubuntu: After=network.target
    amazon-ebs.ubuntu:
    amazon-ebs.ubuntu: [Service]
    amazon-ebs.ubuntu: Type=forking
    amazon-ebs.ubuntu: User=ubuntu
    amazon-ebs.ubuntu: LimitNOFILE=infinity
    amazon-ebs.ubuntu: LimitNPROC=infinity
    amazon-ebs.ubuntu: LimitCORE=infinity
    amazon-ebs.ubuntu: Environment=PATH=/usr/local/sbin:/usr/local/bin:/usr/sbin:/usr/bin:/sbin:/bin:/usr/games:/usr/local/games:/snap/bin:/usr/bin:/bin:/usr/local/sbin:/usr/local/bin:/usr/sbin:/usr/bin
    amazon-ebs.ubuntu: Environment=PM2_HOME=/home/ubuntu/.pm2
    amazon-ebs.ubuntu: PIDFile=/home/ubuntu/.pm2/pm2.pid
    amazon-ebs.ubuntu: Restart=on-failure
    amazon-ebs.ubuntu:
    amazon-ebs.ubuntu: ExecStart=/usr/lib/node_modules/pm2/bin/pm2 resurrect
    amazon-ebs.ubuntu: ExecReload=/usr/lib/node_modules/pm2/bin/pm2 reload all
    amazon-ebs.ubuntu: ExecStop=/usr/lib/node_modules/pm2/bin/pm2 kill
    amazon-ebs.ubuntu:
    amazon-ebs.ubuntu: [Install]
    amazon-ebs.ubuntu: WantedBy=multi-user.target
    amazon-ebs.ubuntu:
    amazon-ebs.ubuntu: Target path
    amazon-ebs.ubuntu: /etc/systemd/system/pm2-ubuntu.service
    amazon-ebs.ubuntu: Command list
    amazon-ebs.ubuntu: [ 'systemctl enable pm2-ubuntu' ]
    amazon-ebs.ubuntu: [PM2] Writing init configuration in /etc/systemd/system/pm2-ubuntu.service
    amazon-ebs.ubuntu: [PM2] Making script booting at startup...
    amazon-ebs.ubuntu: [PM2] [-] Executing: systemctl enable pm2-ubuntu...
==> amazon-ebs.ubuntu: Created symlink /etc/systemd/system/multi-user.target.wants/pm2-ubuntu.service → /etc/systemd/system/pm2-ubuntu.service.
    amazon-ebs.ubuntu: [PM2] [v] Command successfully executed.
    amazon-ebs.ubuntu: +---------------------------------------+
    amazon-ebs.ubuntu: [PM2] Freeze a process list on reboot via:
    amazon-ebs.ubuntu: +---------------------------------------+
    amazon-ebs.ubuntu: +---------------------------------------+
    amazon-ebs.ubuntu: [PM2] Freeze a process list on reboot via:
    amazon-ebs.ubuntu: +---------------------------------------+
    amazon-ebs.ubuntu: +---------------------------------------+
    amazon-ebs.ubuntu: [PM2] Freeze a process list on reboot via:
    amazon-ebs.ubuntu: $ pm2 save
    amazon-ebs.ubuntu:
    amazon-ebs.ubuntu: [PM2] Remove init script via:
    amazon-ebs.ubuntu: $ pm2 unstartup systemd
==> amazon-ebs.ubuntu: Job for pm2-ubuntu.service failed because the service did not take the steps required by its unit configuration.
==> amazon-ebs.ubuntu: See "systemctl status pm2-ubuntu.service" and "journalctl -xeu pm2-ubuntu.service" for details.
    amazon-ebs.ubuntu: ● pm2-ubuntu.service - PM2 process manager
    amazon-ebs.ubuntu:      Loaded: loaded (/etc/systemd/system/pm2-ubuntu.service; enabled; preset: enabled)
    amazon-ebs.ubuntu:      Active: activating (auto-restart) (Result: protocol) since Thu 2025-06-12 05:58:34 UTC; 11ms ago
    amazon-ebs.ubuntu:        Docs: https://pm2.keymetrics.io/
    amazon-ebs.ubuntu:     Process: 3772 ExecStart=/usr/lib/node_modules/pm2/bin/pm2 resurrect (code=exited, status=0/SUCCESS)
    amazon-ebs.ubuntu:         CPU: 283ms
    amazon-ebs.ubuntu:
    amazon-ebs.ubuntu: Jun 12 05:58:34 ip-172-31-41-76 systemd[1]: Failed to start pm2-ubuntu.service - PM2 process manager.
==> amazon-ebs.ubuntu: nginx: the configuration file /etc/nginx/nginx.conf syntax is ok
==> amazon-ebs.ubuntu: nginx: configuration file /etc/nginx/nginx.conf test is successful
==> amazon-ebs.ubuntu: Stopping the source instance...
    amazon-ebs.ubuntu: Stopping instance
==> amazon-ebs.ubuntu: Waiting for the instance to stop...
==> amazon-ebs.ubuntu: Creating AMI app-20250612055630 from instance i-0939ea6de9caf3249
    amazon-ebs.ubuntu: AMI: ami-03d4d4fb91ad46b5c
==> amazon-ebs.ubuntu: Waiting for AMI to become ready...
==> amazon-ebs.ubuntu: Skipping Enable AMI deprecation...
==> amazon-ebs.ubuntu: Skipping Enable AMI deregistration protection...
==> amazon-ebs.ubuntu: Adding tags to AMI (ami-03d4d4fb91ad46b5c)...
==> amazon-ebs.ubuntu: Tagging snapshot: snap-06f2c43d7d9918963
==> amazon-ebs.ubuntu: Creating AMI tags
    amazon-ebs.ubuntu: Adding tag: "App_Name": "app"
    amazon-ebs.ubuntu: Adding tag: "App_Version": "1.0.0"
    amazon-ebs.ubuntu: Adding tag: "Name": "app-20250612055630"
    amazon-ebs.ubuntu: Adding tag: "OS_Version": "Ubuntu 24.04"
==> amazon-ebs.ubuntu: Creating snapshot tags
==> amazon-ebs.ubuntu: Terminating the source AWS instance...
==> amazon-ebs.ubuntu: Cleaning up any extra volumes...
==> amazon-ebs.ubuntu: No volumes to clean up, skipping
==> amazon-ebs.ubuntu: Deleting temporary security group...
==> amazon-ebs.ubuntu: Deleting temporary keypair...
==> amazon-ebs.ubuntu: Running post-processor:  (type manifest)
Build 'amazon-ebs.ubuntu' finished after 6 minutes 1 second.

==> Wait completed after 6 minutes 1 second

==> Builds finished. The artifacts of successful builds are:
--> amazon-ebs.ubuntu: AMIs were created:
us-east-2: ami-03d4d4fb91ad46b5c

--> amazon-ebs.ubuntu: AMIs were created:
us-east-2: ami-03d4d4fb91ad46b5c